// Jest Snapshot v1, https://goo.gl/fbAQLP

exports[`abutton renders correctly 1`] = `
<View
  accessible={true}
  clickable={true}
  isTVSelectable={true}
  onClick={[Function]}
  onResponderGrant={[Function]}
  onResponderMove={[Function]}
  onResponderRelease={[Function]}
  onResponderTerminate={[Function]}
  onResponderTerminationRequest={[Function]}
  onStartShouldSetResponder={[Function]}
  style={
    Object {
      "opacity": 1,
    }
  }
>
  <View
    style={
      Object {
        "backgroundColor": "#bbdefb",
        "borderRadius": 5,
        "flexDirection": "row",
        "height": 35,
        "margin": 5,
        "maxWidth": 150,
        "padding": 5,
      }
    }
  >
    <Text
      style={
        Object {
          "alignSelf": "center",
        }
      }
    />
  </View>
</View>
`;

exports[`renders correctly 1`] = `
<View
  accessible={true}
  clickable={true}
  isTVSelectable={true}
  onClick={[Function]}
  onResponderGrant={[Function]}
  onResponderMove={[Function]}
  onResponderRelease={[Function]}
  onResponderTerminate={[Function]}
  onResponderTerminationRequest={[Function]}
  onStartShouldSetResponder={[Function]}
  style={
    Object {
      "opacity": 1,
    }
  }
>
  <View
    style={
      Object {
        "backgroundColor": "#bbdefb",
        "borderRadius": 5,
        "flexDirection": "row",
        "height": 35,
        "margin": 5,
        "maxWidth": 150,
        "padding": 5,
      }
    }
  >
    <Text
      style={
        Object {
          "alignSelf": "center",
        }
      }
    />
  </View>
</View>
`;

exports[`renders correctly 2`] = `
<View
  accessible={true}
  clickable={true}
  isTVSelectable={true}
  onClick={[Function]}
  onResponderGrant={[Function]}
  onResponderMove={[Function]}
  onResponderRelease={[Function]}
  onResponderTerminate={[Function]}
  onResponderTerminationRequest={[Function]}
  onStartShouldSetResponder={[Function]}
  style={
    Object {
      "opacity": 1,
    }
  }
>
  <View
    style={
      Object {
        "backgroundColor": "#bbdefb",
        "borderRadius": 5,
        "flexDirection": "row",
        "height": 35,
        "margin": 5,
        "maxWidth": 150,
        "padding": 5,
      }
    }
  >
    <Text
      style={
        Object {
          "alignSelf": "center",
        }
      }
    />
  </View>
</View>
`;

exports[`renders correctly 3`] = `
<View
  accessible={true}
  clickable={true}
  isTVSelectable={true}
  onClick={[Function]}
  onResponderGrant={[Function]}
  onResponderMove={[Function]}
  onResponderRelease={[Function]}
  onResponderTerminate={[Function]}
  onResponderTerminationRequest={[Function]}
  onStartShouldSetResponder={[Function]}
  style={
    Object {
      "opacity": 1,
    }
  }
>
  <View
    style={
      Object {
        "backgroundColor": "#bbdefb",
        "borderRadius": 5,
        "flexDirection": "row",
        "height": 35,
        "margin": 5,
        "maxWidth": 150,
        "padding": 5,
      }
    }
  >
    <Text
      style={
        Object {
          "alignSelf": "center",
        }
      }
    />
  </View>
</View>
`;
